// Jest Snapshot v1, https://goo.gl/fbAQLP

exports[`StandardList function: itemSeparator renders the correct style 1`] = `
<View
  style={
    Object {
      "height": 10,
      "width": "100%",
    }
  }
/>
`;

exports[`StandardList renders correctly 1`] = `
<RCTScrollView
  ItemSeparatorComponent={[Function]}
  data={
    Array [
      Object {
        "title": "test title",
      },
    ]
  }
  disableVirtualization={false}
  extraData={null}
  getItem={[Function]}
  getItemCount={[Function]}
  horizontal={false}
  initialNumToRender={10}
  keyExtractor={[Function]}
  maxToRenderPerBatch={10}
  numColumns={1}
  onContentSizeChange={[Function]}
  onEndReachedThreshold={0.3}
  onLayout={[Function]}
  onMomentumScrollEnd={[Function]}
  onScroll={[Function]}
  onScrollBeginDrag={[Function]}
  onScrollEndDrag={[Function]}
  refreshing={false}
  removeClippedSubviews={false}
  renderItem={[Function]}
  scrollEventThrottle={50}
  stickyHeaderIndices={Array []}
  updateCellsBatchingPeriod={50}
  viewabilityConfigCallbackPairs={Array []}
  windowSize={21}
>
  <View>
    <View
      onLayout={[Function]}
      style={null}
    >
      test item
    </View>
  </View>
</RCTScrollView>
`;

exports[`StandardList renders items correctly 1`] = `"test item"`;
